ipset=/1018213540.rsc.cdn77.org/vpn_domains
ipset=/_9443._https.ws.finance.ozon.ru/vpn_domains
ipset=/api.cdp.mos.ru/vpn_domains
ipset=/api.finance.ozon.ru/vpn_domains
ipset=/api.ozon.ru/vpn_domains
ipset=/auth-lkmp.avtodor-tr.ru/vpn_domains
ipset=/avtodor-tr.ru/vpn_domains
ipset=/b2c-ticket-sentry.onelya.ru/vpn_domains
ipset=/bitrix.info/vpn_domains
ipset=/bkvet.ru/vpn_domains
ipset=/cdn1.ozone.ru/vpn_domains
ipset=/cdn1.ozonusercontent.com/vpn_domains
ipset=/cdn2.ozone.ru/vpn_domains
ipset=/chat.mos.ru/vpn_domains
ipset=/cms1.dzvr.ru/vpn_domains
ipset=/counter.yadro.ru/vpn_domains
ipset=/css-pgu.mos.ru/vpn_domains
ipset=/doc-upload.mos.ru/vpn_domains
ipset=/dzvr.ru/vpn_domains
ipset=/edge-lb-g1.ozon.ru/vpn_domains
ipset=/edge-mmedia-lb.ozone.ru/vpn_domains
ipset=/evp.mos.ru/vpn_domains
ipset=/fairplay-proxy.ott.yandex.ru/vpn_domains
ipset=/finance.ozon.ru/vpn_domains
ipset=/fssp.gov.ru/vpn_domains
ipset=/gisoivapi.mos.ru/vpn_domains
ipset=/graphql.kinopoisk.ru/vpn_domains
ipset=/io.ozone.ru/vpn_domains
ipset=/ir-3.ozone.ru/vpn_domains
ipset=/ir.ozone.ru/vpn_domains
ipset=/js-pgu.mos.ru/vpn_domains
ipset=/lemanapro.ru/vpn_domains
ipset=/leroymerlin.ru/vpn_domains
ipset=/lk.avtodor-tr.ru/vpn_domains
ipset=/login.mos.ru/vpn_domains
ipset=/map3d.mos.ru/vpn_domains
ipset=/media-pgu.mos.ru/vpn_domains
ipset=/metrika.mos.ru/vpn_domains
ipset=/mobileapp.russianpost.ru/vpn_domains
ipset=/mos.ru/vpn_domains
ipset=/mosenergosbyt.ru/vpn_domains
ipset=/my-static.mos.ru/vpn_domains
ipset=/my.mos.ru/vpn_domains
ipset=/my.mosenergosbyt.ru/vpn_domains
ipset=/oauth20.mos.ru/vpn_domains
ipset=/ozon.ru/vpn_domains
ipset=/p.ozon.ru/vpn_domains
ipset=/passport.pochta.ru/vpn_domains
ipset=/pay.mos.ru/vpn_domains
ipset=/pays.avtodor-tr.ru/vpn_domains
ipset=/pesc.ru/vpn_domains
ipset=/pic.mos.ru/vpn_domains
ipset=/pochta.ru/vpn_domains
ipset=/rosreestr.gov.ru/vpn_domains
ipset=/rzd-bonus.ru/vpn_domains
ipset=/rzd.ru/vpn_domains
ipset=/sentry.mos.ru/vpn_domains
ipset=/showip.net/vpn_domains
ipset=/static.pochta.ru/vpn_domains
ipset=/static3.mos.ru/vpn_domains
ipset=/stats.mos.ru/vpn_domains
ipset=/sys.refocus.ru/vpn_domains
ipset=/t.finance.ozon.ru/vpn_domains
ipset=/ticket.rzd.ru/vpn_domains
ipset=/v.ozone.ru/vpn_domains
ipset=/vshark.ttk.ru/vpn_domains
ipset=/widevine-proxy.ott.yandex.ru/vpn_domains
ipset=/ws.finance.ozon.ru/vpn_domains
ipset=/www.mos.ru/vpn_domains
ipset=/www.ozon.ru/vpn_domains
ipset=/www.pochta.ru/vpn_domains
ipset=/www.rzd.ru/vpn_domains
ipset=/xapi.ozon.ru/vpn_domains
ipset=/xn--90aijkdmaud0d.xn--p1ai/vpn_domains
ipset=/yandex.net/vpn_domains
