nftset=/1018213540.rsc.cdn77.org/4#inet#fw4#vpn_domains
nftset=/_9443._https.ws.finance.ozon.ru/4#inet#fw4#vpn_domains
nftset=/api.cdp.mos.ru/4#inet#fw4#vpn_domains
nftset=/api.finance.ozon.ru/4#inet#fw4#vpn_domains
nftset=/api.ozon.ru/4#inet#fw4#vpn_domains
nftset=/auth-lkmp.avtodor-tr.ru/4#inet#fw4#vpn_domains
nftset=/avtodor-tr.ru/4#inet#fw4#vpn_domains
nftset=/b2c-ticket-sentry.onelya.ru/4#inet#fw4#vpn_domains
nftset=/bitrix.info/4#inet#fw4#vpn_domains
nftset=/bkvet.ru/4#inet#fw4#vpn_domains
nftset=/cdn1.ozone.ru/4#inet#fw4#vpn_domains
nftset=/cdn1.ozonusercontent.com/4#inet#fw4#vpn_domains
nftset=/cdn2.ozone.ru/4#inet#fw4#vpn_domains
nftset=/chat.mos.ru/4#inet#fw4#vpn_domains
nftset=/cms1.dzvr.ru/4#inet#fw4#vpn_domains
nftset=/counter.yadro.ru/4#inet#fw4#vpn_domains
nftset=/css-pgu.mos.ru/4#inet#fw4#vpn_domains
nftset=/doc-upload.mos.ru/4#inet#fw4#vpn_domains
nftset=/dzvr.ru/4#inet#fw4#vpn_domains
nftset=/edge-lb-g1.ozon.ru/4#inet#fw4#vpn_domains
nftset=/edge-mmedia-lb.ozone.ru/4#inet#fw4#vpn_domains
nftset=/evp.mos.ru/4#inet#fw4#vpn_domains
nftset=/fairplay-proxy.ott.yandex.ru/4#inet#fw4#vpn_domains
nftset=/finance.ozon.ru/4#inet#fw4#vpn_domains
nftset=/fssp.gov.ru/4#inet#fw4#vpn_domains
nftset=/gisoivapi.mos.ru/4#inet#fw4#vpn_domains
nftset=/graphql.kinopoisk.ru/4#inet#fw4#vpn_domains
nftset=/io.ozone.ru/4#inet#fw4#vpn_domains
nftset=/ir-3.ozone.ru/4#inet#fw4#vpn_domains
nftset=/ir.ozone.ru/4#inet#fw4#vpn_domains
nftset=/js-pgu.mos.ru/4#inet#fw4#vpn_domains
nftset=/lemanapro.ru/4#inet#fw4#vpn_domains
nftset=/leroymerlin.ru/4#inet#fw4#vpn_domains
nftset=/lk.avtodor-tr.ru/4#inet#fw4#vpn_domains
nftset=/login.mos.ru/4#inet#fw4#vpn_domains
nftset=/map3d.mos.ru/4#inet#fw4#vpn_domains
nftset=/media-pgu.mos.ru/4#inet#fw4#vpn_domains
nftset=/metrika.mos.ru/4#inet#fw4#vpn_domains
nftset=/mobileapp.russianpost.ru/4#inet#fw4#vpn_domains
nftset=/mos.ru/4#inet#fw4#vpn_domains
nftset=/mosenergosbyt.ru/4#inet#fw4#vpn_domains
nftset=/my-static.mos.ru/4#inet#fw4#vpn_domains
nftset=/my.mos.ru/4#inet#fw4#vpn_domains
nftset=/my.mosenergosbyt.ru/4#inet#fw4#vpn_domains
nftset=/oauth20.mos.ru/4#inet#fw4#vpn_domains
nftset=/ozon.ru/4#inet#fw4#vpn_domains
nftset=/p.ozon.ru/4#inet#fw4#vpn_domains
nftset=/passport.pochta.ru/4#inet#fw4#vpn_domains
nftset=/pay.mos.ru/4#inet#fw4#vpn_domains
nftset=/pays.avtodor-tr.ru/4#inet#fw4#vpn_domains
nftset=/pesc.ru/4#inet#fw4#vpn_domains
nftset=/pic.mos.ru/4#inet#fw4#vpn_domains
nftset=/pochta.ru/4#inet#fw4#vpn_domains
nftset=/rosreestr.gov.ru/4#inet#fw4#vpn_domains
nftset=/rzd-bonus.ru/4#inet#fw4#vpn_domains
nftset=/rzd.ru/4#inet#fw4#vpn_domains
nftset=/sentry.mos.ru/4#inet#fw4#vpn_domains
nftset=/showip.net/4#inet#fw4#vpn_domains
nftset=/static.pochta.ru/4#inet#fw4#vpn_domains
nftset=/static3.mos.ru/4#inet#fw4#vpn_domains
nftset=/stats.mos.ru/4#inet#fw4#vpn_domains
nftset=/sys.refocus.ru/4#inet#fw4#vpn_domains
nftset=/t.finance.ozon.ru/4#inet#fw4#vpn_domains
nftset=/ticket.rzd.ru/4#inet#fw4#vpn_domains
nftset=/v.ozone.ru/4#inet#fw4#vpn_domains
nftset=/vshark.ttk.ru/4#inet#fw4#vpn_domains
nftset=/widevine-proxy.ott.yandex.ru/4#inet#fw4#vpn_domains
nftset=/ws.finance.ozon.ru/4#inet#fw4#vpn_domains
nftset=/www.mos.ru/4#inet#fw4#vpn_domains
nftset=/www.ozon.ru/4#inet#fw4#vpn_domains
nftset=/www.pochta.ru/4#inet#fw4#vpn_domains
nftset=/www.rzd.ru/4#inet#fw4#vpn_domains
nftset=/xapi.ozon.ru/4#inet#fw4#vpn_domains
nftset=/xn--90aijkdmaud0d.xn--p1ai/4#inet#fw4#vpn_domains
nftset=/yandex.net/4#inet#fw4#vpn_domains
