DOMAIN-SUFFIX,1018213540.rsc.cdn77.org
DOMAIN-SUFFIX,_9443._https.ws.finance.ozon.ru
DOMAIN-SUFFIX,api.cdp.mos.ru
DOMAIN-SUFFIX,api.finance.ozon.ru
DOMAIN-SUFFIX,api.ozon.ru
DOMAIN-SUFFIX,auth-lkmp.avtodor-tr.ru
DOMAIN-SUFFIX,avtodor-tr.ru
DOMAIN-SUFFIX,b2c-ticket-sentry.onelya.ru
DOMAIN-SUFFIX,bitrix.info
DOMAIN-SUFFIX,bkvet.ru
DOMAIN-SUFFIX,cdn1.ozone.ru
DOMAIN-SUFFIX,cdn1.ozonusercontent.com
DOMAIN-SUFFIX,cdn2.ozone.ru
DOMAIN-SUFFIX,chat.mos.ru
DOMAIN-SUFFIX,cms1.dzvr.ru
DOMAIN-SUFFIX,counter.yadro.ru
DOMAIN-SUFFIX,css-pgu.mos.ru
DOMAIN-SUFFIX,doc-upload.mos.ru
DOMAIN-SUFFIX,dzvr.ru
DOMAIN-SUFFIX,edge-lb-g1.ozon.ru
DOMAIN-SUFFIX,edge-mmedia-lb.ozone.ru
DOMAIN-SUFFIX,evp.mos.ru
DOMAIN-SUFFIX,fairplay-proxy.ott.yandex.ru
DOMAIN-SUFFIX,finance.ozon.ru
DOMAIN-SUFFIX,fssp.gov.ru
DOMAIN-SUFFIX,gisoivapi.mos.ru
DOMAIN-SUFFIX,graphql.kinopoisk.ru
DOMAIN-SUFFIX,io.ozone.ru
DOMAIN-SUFFIX,ir-3.ozone.ru
DOMAIN-SUFFIX,ir.ozone.ru
DOMAIN-SUFFIX,js-pgu.mos.ru
DOMAIN-SUFFIX,lemanapro.ru
DOMAIN-SUFFIX,leroymerlin.ru
DOMAIN-SUFFIX,lk.avtodor-tr.ru
DOMAIN-SUFFIX,login.mos.ru
DOMAIN-SUFFIX,map3d.mos.ru
DOMAIN-SUFFIX,media-pgu.mos.ru
DOMAIN-SUFFIX,metrika.mos.ru
DOMAIN-SUFFIX,mobileapp.russianpost.ru
DOMAIN-SUFFIX,mos.ru
DOMAIN-SUFFIX,mosenergosbyt.ru
DOMAIN-SUFFIX,my-static.mos.ru
DOMAIN-SUFFIX,my.mos.ru
DOMAIN-SUFFIX,my.mosenergosbyt.ru
DOMAIN-SUFFIX,oauth20.mos.ru
DOMAIN-SUFFIX,ozon.ru
DOMAIN-SUFFIX,p.ozon.ru
DOMAIN-SUFFIX,passport.pochta.ru
DOMAIN-SUFFIX,pay.mos.ru
DOMAIN-SUFFIX,pays.avtodor-tr.ru
DOMAIN-SUFFIX,pesc.ru
DOMAIN-SUFFIX,pic.mos.ru
DOMAIN-SUFFIX,pochta.ru
DOMAIN-SUFFIX,rosreestr.gov.ru
DOMAIN-SUFFIX,rzd-bonus.ru
DOMAIN-SUFFIX,rzd.ru
DOMAIN-SUFFIX,sentry.mos.ru
DOMAIN-SUFFIX,showip.net
DOMAIN-SUFFIX,static.pochta.ru
DOMAIN-SUFFIX,static3.mos.ru
DOMAIN-SUFFIX,stats.mos.ru
DOMAIN-SUFFIX,sys.refocus.ru
DOMAIN-SUFFIX,t.finance.ozon.ru
DOMAIN-SUFFIX,ticket.rzd.ru
DOMAIN-SUFFIX,v.ozone.ru
DOMAIN-SUFFIX,vshark.ttk.ru
DOMAIN-SUFFIX,widevine-proxy.ott.yandex.ru
DOMAIN-SUFFIX,ws.finance.ozon.ru
DOMAIN-SUFFIX,www.mos.ru
DOMAIN-SUFFIX,www.ozon.ru
DOMAIN-SUFFIX,www.pochta.ru
DOMAIN-SUFFIX,www.rzd.ru
DOMAIN-SUFFIX,xapi.ozon.ru
DOMAIN-SUFFIX,xn--90aijkdmaud0d.xn--p1ai
DOMAIN-SUFFIX,yandex.net
