/ip dns static add name=1018213540.rsc.cdn77.org type=FWD address-list=allow-domains match-subdomain=yes forward-to=localhost
/ip dns static add name=_9443._https.ws.finance.ozon.ru type=FWD address-list=allow-domains match-subdomain=yes forward-to=localhost
/ip dns static add name=api.cdp.mos.ru type=FWD address-list=allow-domains match-subdomain=yes forward-to=localhost
/ip dns static add name=api.finance.ozon.ru type=FWD address-list=allow-domains match-subdomain=yes forward-to=localhost
/ip dns static add name=api.ozon.ru type=FWD address-list=allow-domains match-subdomain=yes forward-to=localhost
/ip dns static add name=auth-lkmp.avtodor-tr.ru type=FWD address-list=allow-domains match-subdomain=yes forward-to=localhost
/ip dns static add name=avtodor-tr.ru type=FWD address-list=allow-domains match-subdomain=yes forward-to=localhost
/ip dns static add name=b2c-ticket-sentry.onelya.ru type=FWD address-list=allow-domains match-subdomain=yes forward-to=localhost
/ip dns static add name=bitrix.info type=FWD address-list=allow-domains match-subdomain=yes forward-to=localhost
/ip dns static add name=bkvet.ru type=FWD address-list=allow-domains match-subdomain=yes forward-to=localhost
/ip dns static add name=cdn1.ozone.ru type=FWD address-list=allow-domains match-subdomain=yes forward-to=localhost
/ip dns static add name=cdn1.ozonusercontent.com type=FWD address-list=allow-domains match-subdomain=yes forward-to=localhost
/ip dns static add name=cdn2.ozone.ru type=FWD address-list=allow-domains match-subdomain=yes forward-to=localhost
/ip dns static add name=chat.mos.ru type=FWD address-list=allow-domains match-subdomain=yes forward-to=localhost
/ip dns static add name=cms1.dzvr.ru type=FWD address-list=allow-domains match-subdomain=yes forward-to=localhost
/ip dns static add name=counter.yadro.ru type=FWD address-list=allow-domains match-subdomain=yes forward-to=localhost
/ip dns static add name=css-pgu.mos.ru type=FWD address-list=allow-domains match-subdomain=yes forward-to=localhost
/ip dns static add name=doc-upload.mos.ru type=FWD address-list=allow-domains match-subdomain=yes forward-to=localhost
/ip dns static add name=dzvr.ru type=FWD address-list=allow-domains match-subdomain=yes forward-to=localhost
/ip dns static add name=edge-lb-g1.ozon.ru type=FWD address-list=allow-domains match-subdomain=yes forward-to=localhost
/ip dns static add name=edge-mmedia-lb.ozone.ru type=FWD address-list=allow-domains match-subdomain=yes forward-to=localhost
/ip dns static add name=evp.mos.ru type=FWD address-list=allow-domains match-subdomain=yes forward-to=localhost
/ip dns static add name=fairplay-proxy.ott.yandex.ru type=FWD address-list=allow-domains match-subdomain=yes forward-to=localhost
/ip dns static add name=finance.ozon.ru type=FWD address-list=allow-domains match-subdomain=yes forward-to=localhost
/ip dns static add name=fssp.gov.ru type=FWD address-list=allow-domains match-subdomain=yes forward-to=localhost
/ip dns static add name=gisoivapi.mos.ru type=FWD address-list=allow-domains match-subdomain=yes forward-to=localhost
/ip dns static add name=graphql.kinopoisk.ru type=FWD address-list=allow-domains match-subdomain=yes forward-to=localhost
/ip dns static add name=io.ozone.ru type=FWD address-list=allow-domains match-subdomain=yes forward-to=localhost
/ip dns static add name=ir-3.ozone.ru type=FWD address-list=allow-domains match-subdomain=yes forward-to=localhost
/ip dns static add name=ir.ozone.ru type=FWD address-list=allow-domains match-subdomain=yes forward-to=localhost
/ip dns static add name=js-pgu.mos.ru type=FWD address-list=allow-domains match-subdomain=yes forward-to=localhost
/ip dns static add name=lemanapro.ru type=FWD address-list=allow-domains match-subdomain=yes forward-to=localhost
/ip dns static add name=leroymerlin.ru type=FWD address-list=allow-domains match-subdomain=yes forward-to=localhost
/ip dns static add name=lk.avtodor-tr.ru type=FWD address-list=allow-domains match-subdomain=yes forward-to=localhost
/ip dns static add name=login.mos.ru type=FWD address-list=allow-domains match-subdomain=yes forward-to=localhost
/ip dns static add name=map3d.mos.ru type=FWD address-list=allow-domains match-subdomain=yes forward-to=localhost
/ip dns static add name=media-pgu.mos.ru type=FWD address-list=allow-domains match-subdomain=yes forward-to=localhost
/ip dns static add name=metrika.mos.ru type=FWD address-list=allow-domains match-subdomain=yes forward-to=localhost
/ip dns static add name=mobileapp.russianpost.ru type=FWD address-list=allow-domains match-subdomain=yes forward-to=localhost
/ip dns static add name=mos.ru type=FWD address-list=allow-domains match-subdomain=yes forward-to=localhost
/ip dns static add name=mosenergosbyt.ru type=FWD address-list=allow-domains match-subdomain=yes forward-to=localhost
/ip dns static add name=my-static.mos.ru type=FWD address-list=allow-domains match-subdomain=yes forward-to=localhost
/ip dns static add name=my.mos.ru type=FWD address-list=allow-domains match-subdomain=yes forward-to=localhost
/ip dns static add name=my.mosenergosbyt.ru type=FWD address-list=allow-domains match-subdomain=yes forward-to=localhost
/ip dns static add name=oauth20.mos.ru type=FWD address-list=allow-domains match-subdomain=yes forward-to=localhost
/ip dns static add name=ozon.ru type=FWD address-list=allow-domains match-subdomain=yes forward-to=localhost
/ip dns static add name=p.ozon.ru type=FWD address-list=allow-domains match-subdomain=yes forward-to=localhost
/ip dns static add name=passport.pochta.ru type=FWD address-list=allow-domains match-subdomain=yes forward-to=localhost
/ip dns static add name=pay.mos.ru type=FWD address-list=allow-domains match-subdomain=yes forward-to=localhost
/ip dns static add name=pays.avtodor-tr.ru type=FWD address-list=allow-domains match-subdomain=yes forward-to=localhost
/ip dns static add name=pesc.ru type=FWD address-list=allow-domains match-subdomain=yes forward-to=localhost
/ip dns static add name=pic.mos.ru type=FWD address-list=allow-domains match-subdomain=yes forward-to=localhost
/ip dns static add name=pochta.ru type=FWD address-list=allow-domains match-subdomain=yes forward-to=localhost
/ip dns static add name=rosreestr.gov.ru type=FWD address-list=allow-domains match-subdomain=yes forward-to=localhost
/ip dns static add name=rzd-bonus.ru type=FWD address-list=allow-domains match-subdomain=yes forward-to=localhost
/ip dns static add name=rzd.ru type=FWD address-list=allow-domains match-subdomain=yes forward-to=localhost
/ip dns static add name=sentry.mos.ru type=FWD address-list=allow-domains match-subdomain=yes forward-to=localhost
/ip dns static add name=showip.net type=FWD address-list=allow-domains match-subdomain=yes forward-to=localhost
/ip dns static add name=static.pochta.ru type=FWD address-list=allow-domains match-subdomain=yes forward-to=localhost
/ip dns static add name=static3.mos.ru type=FWD address-list=allow-domains match-subdomain=yes forward-to=localhost
/ip dns static add name=stats.mos.ru type=FWD address-list=allow-domains match-subdomain=yes forward-to=localhost
/ip dns static add name=sys.refocus.ru type=FWD address-list=allow-domains match-subdomain=yes forward-to=localhost
/ip dns static add name=t.finance.ozon.ru type=FWD address-list=allow-domains match-subdomain=yes forward-to=localhost
/ip dns static add name=ticket.rzd.ru type=FWD address-list=allow-domains match-subdomain=yes forward-to=localhost
/ip dns static add name=v.ozone.ru type=FWD address-list=allow-domains match-subdomain=yes forward-to=localhost
/ip dns static add name=vshark.ttk.ru type=FWD address-list=allow-domains match-subdomain=yes forward-to=localhost
/ip dns static add name=widevine-proxy.ott.yandex.ru type=FWD address-list=allow-domains match-subdomain=yes forward-to=localhost
/ip dns static add name=ws.finance.ozon.ru type=FWD address-list=allow-domains match-subdomain=yes forward-to=localhost
/ip dns static add name=www.mos.ru type=FWD address-list=allow-domains match-subdomain=yes forward-to=localhost
/ip dns static add name=www.ozon.ru type=FWD address-list=allow-domains match-subdomain=yes forward-to=localhost
/ip dns static add name=www.pochta.ru type=FWD address-list=allow-domains match-subdomain=yes forward-to=localhost
/ip dns static add name=www.rzd.ru type=FWD address-list=allow-domains match-subdomain=yes forward-to=localhost
/ip dns static add name=xapi.ozon.ru type=FWD address-list=allow-domains match-subdomain=yes forward-to=localhost
/ip dns static add name=xn--90aijkdmaud0d.xn--p1ai type=FWD address-list=allow-domains match-subdomain=yes forward-to=localhost
/ip dns static add name=yandex.net type=FWD address-list=allow-domains match-subdomain=yes forward-to=localhost
